
SN 68k version 2.53

C:\DOCUMENTS AND SETTINGS\ADMINISTRATOR\DESKTOP\SONIC 1 - FIXED\++UPLOADED\READYSONIC 1.1 (SOURCE)\_INCOBJ\59 SLZ ELEVATORS.ASM(10) : Warning : Forward reference to redefinable symbol
C:\DOCUMENTS AND SETTINGS\ADMINISTRATOR\DESKTOP\SONIC 1 - FIXED\++UPLOADED\READYSONIC 1.1 (SOURCE)\_INCOBJ\5A SLZ CIRCLING PLATFORM.ASM(10) : Warning : Forward reference to redefinable symbol
C:\DOCUMENTS AND SETTINGS\ADMINISTRATOR\DESKTOP\SONIC 1 - FIXED\++UPLOADED\READYSONIC 1.1 (SOURCE)\_INCOBJ\5B STAIRCASE.ASM(10) : Warning : Forward reference to redefinable symbol
C:\DOCUMENTS AND SETTINGS\ADMINISTRATOR\DESKTOP\SONIC 1 - FIXED\++UPLOADED\READYSONIC 1.1 (SOURCE)\_INCOBJ\5E SEESAW.ASM(10) : Warning : Forward reference to redefinable symbol

Assembly completed.
0 error(s) from 56195 lines in 0.25 seconds
